"\r\nMode    LastWriteTime                 Length Name\r\n----    -------------                 ------ ----\r\n-a---   1/2/2024 3:04:00 AM                0 [file] app.ps1\r\n-a---   1/2/2024 3:04:00 AM             1536 [file] README.md\r\nd----   1/2/2024 3:04:00 AM                  [dir] src\r\n\r\n"
